[22:01:07] [ServerMain/INFO]: Environment: Environment[sessionHost=https://sessionserver.mojang.com, servicesHost=https://api.minecraftservices.com, name=PROD]
[22:01:09] [ServerMain/INFO]: No existing world data, creating new world
[22:01:10] [ServerMain/INFO]: Loaded 1290 recipes
[22:01:11] [ServerMain/INFO]: Loaded 1399 advancements
[22:01:11] [Server thread/INFO]: Starting minecraft server version 1.21.1
[22:01:11] [Server thread/INFO]: Loading properties
[22:01:11] [Server thread/INFO]: Default game type: SURVIVAL
[22:01:11] [Server thread/INFO]: Generating keypair
[22:01:12] [Server thread/INFO]: Starting Minecraft server on *:25565
[22:01:12] [Server thread/INFO]: Using epoll channel type
[22:01:12] [Server thread/WARN]: **** SERVER IS RUNNING IN OFFLINE/INSECURE MODE!
[22:01:12] [Server thread/WARN]: The server will make no attempt to authenticate usernames. Beware.
[22:01:12] [Server thread/WARN]: While this makes the game possible to play without internet access, it also opens up the ability for hackers to connect with any username they choose.
[22:01:12] [Server thread/WARN]: To change this, set "online-mode" to "true" in the server.properties file.
[22:01:12] [Server thread/INFO]: Preparing level "world"
[22:01:24] [Server thread/INFO]: Preparing start region for dimension minecraft:overworld
[22:01:25] [Worker-Main-1/INFO]: Preparing spawn area: 2%
[22:01:25] [Worker-Main-1/INFO]: Preparing spawn area: 2%
[22:01:26] [Worker-Main-1/INFO]: Preparing spawn area: 2%
[22:01:26] [Worker-Main-1/INFO]: Preparing spawn area: 2%
[22:01:27] [Worker-Main-1/INFO]: Preparing spawn area: 2%
[22:01:27] [Worker-Main-1/INFO]: Preparing spawn area: 2%
[22:01:27] [Worker-Main-1/INFO]: Preparing spawn area: 2%
[22:01:28] [Worker-Main-1/INFO]: Preparing spawn area: 2%
[22:01:29] [Worker-Main-1/INFO]: Preparing spawn area: 2%
[22:01:29] [Worker-Main-1/INFO]: Preparing spawn area: 2%
[22:01:29] [Worker-Main-1/INFO]: Preparing spawn area: 2%
[22:01:30] [Worker-Main-1/INFO]: Preparing spawn area: 2%
[22:01:30] [Worker-Main-1/INFO]: Preparing spawn area: 2%
[22:01:31] [Worker-Main-1/INFO]: Preparing spawn area: 2%
[22:01:32] [Worker-Main-1/INFO]: Preparing spawn area: 2%
[22:01:32] [Worker-Main-1/INFO]: Preparing spawn area: 2%
[22:01:32] [Worker-Main-1/INFO]: Preparing spawn area: 2%
[22:01:33] [Worker-Main-1/INFO]: Preparing spawn area: 2%
[22:01:33] [Worker-Main-1/INFO]: Preparing spawn area: 14%
[22:01:34] [Server thread/INFO]: Time elapsed: 9236 ms
[22:01:34] [Server thread/INFO]: Done (21.907s)! For help, type "help"
